--------------------------------------------------------------------------------
      name:  training
       log:  /home/UserID/trainings/stata/logs/training_20130619154547.log
  log type:  text
 opened on:  19 Jun 2013, 15:45:47

. 
. 
. 
. sysuse auto, clear
(1978 Automobile Data)

. save /home/UserID/trainings/stata/data/auto.dta, replace
file /home/UserID/trainings/stata/data/auto.dta saved

. 
. clear

. 
. 
. /* Some practice loading and saving data */
.         /* Load a data set*/
.         use /home/UserID/trainings/stata/data/auto.dta, clear
(1978 Automobile Data)

.         
.         /* Load a subset of variables from the same data set */
.         use make price mpg rep78 headroom foreign using /home/UserID/training
> s/stata/data/auto.dta, clear
(1978 Automobile Data)

.         /* Load only observations for foreign cars from the same data set */
.         use if foreign==1 using /home/UserID/trainings/stata/data/auto.dta, c
> lear
(1978 Automobile Data)

.         /* Load only a subset of variables and obsrvations for foreign cars fr
> om the same data set */
.         use make price mpg rep78 headroom foreign if foreign==1 using /home/a1
> jsf01/trainings/stata/data/auto.dta, clear
(1978 Automobile Data)

. 
.         /* Save the data set we just loaded */
.         save  /home/UserID/trainings/stata/data/auto_subset.dta, replace
file /home/UserID/trainings/stata/data/auto_subset.dta saved

.         
. 
.         /* Output the data set in memory as a .csv file */
.         outsheet using  /home/UserID/trainings/stata/data/auto.csv, comma rep
> lace

.         /* Output the data set in memory as an Excel .xlsx file */
.         export excel using "/home/UserID/trainings/stata/data/auto.xlsx", fir
> strow(variables) replace
file /home/UserID/trainings/stata/data/auto.xlsx saved

.         
.         /* Input data from a .csv file */
.         insheet using  /home/UserID/trainings/stata/data/auto.csv, comma clea
> r
(6 vars, 22 obs)

.         /* Input data from a .xlsx file */
.         import excel "/home/UserID/trainings/stata/data/auto.xlsx", sheet("Sh
> eet1") firstrow clear

.         
.         
. /* Appending and merging data sets */
. 
.         /* Suppose we have data on labor market status into two data sets --- 
> Pre-1994 and Post-1994. We can combine
>                 the two by first loading one, and then appending the other */
.         
.         use /home/UserID/trainings/stata/data/basic_labor_force_pre1994.dta, 
> clear

.         gen year = year(dofm(date))

.         tab year

       year |      Freq.     Percent        Cum.
------------+-----------------------------------
       1947 |         12        2.13        2.13
       1948 |         12        2.13        4.26
       1949 |         12        2.13        6.38
       1950 |         12        2.13        8.51
       1951 |         12        2.13       10.64
       1952 |         12        2.13       12.77
       1953 |         12        2.13       14.89
       1954 |         12        2.13       17.02
       1955 |         12        2.13       19.15
       1956 |         12        2.13       21.28
       1957 |         12        2.13       23.40
       1958 |         12        2.13       25.53
       1959 |         12        2.13       27.66
       1960 |         12        2.13       29.79
       1961 |         12        2.13       31.91
       1962 |         12        2.13       34.04
       1963 |         12        2.13       36.17
       1964 |         12        2.13       38.30
       1965 |         12        2.13       40.43
       1966 |         12        2.13       42.55
       1967 |         12        2.13       44.68
       1968 |         12        2.13       46.81
       1969 |         12        2.13       48.94
       1970 |         12        2.13       51.06
       1971 |         12        2.13       53.19
       1972 |         12        2.13       55.32
       1973 |         12        2.13       57.45
       1974 |         12        2.13       59.57
       1975 |         12        2.13       61.70
       1976 |         12        2.13       63.83
       1977 |         12        2.13       65.96
       1978 |         12        2.13       68.09
       1979 |         12        2.13       70.21
       1980 |         12        2.13       72.34
       1981 |         12        2.13       74.47
       1982 |         12        2.13       76.60
       1983 |         12        2.13       78.72
       1984 |         12        2.13       80.85
       1985 |         12        2.13       82.98
       1986 |         12        2.13       85.11
       1987 |         12        2.13       87.23
       1988 |         12        2.13       89.36
       1989 |         12        2.13       91.49
       1990 |         12        2.13       93.62
       1991 |         12        2.13       95.74
       1992 |         12        2.13       97.87
       1993 |         12        2.13      100.00
------------+-----------------------------------
      Total |        564      100.00

.         append using /home/UserID/trainings/stata/data/basic_labor_force_post
> 1994.dta

.         replace year = year(dofm(date))
(232 real changes made)

.         tab year

       year |      Freq.     Percent        Cum.
------------+-----------------------------------
       1947 |         12        1.51        1.51
       1948 |         12        1.51        3.02
       1949 |         12        1.51        4.52
       1950 |         12        1.51        6.03
       1951 |         12        1.51        7.54
       1952 |         12        1.51        9.05
       1953 |         12        1.51       10.55
       1954 |         12        1.51       12.06
       1955 |         12        1.51       13.57
       1956 |         12        1.51       15.08
       1957 |         12        1.51       16.58
       1958 |         12        1.51       18.09
       1959 |         12        1.51       19.60
       1960 |         12        1.51       21.11
       1961 |         12        1.51       22.61
       1962 |         12        1.51       24.12
       1963 |         12        1.51       25.63
       1964 |         12        1.51       27.14
       1965 |         12        1.51       28.64
       1966 |         12        1.51       30.15
       1967 |         12        1.51       31.66
       1968 |         12        1.51       33.17
       1969 |         12        1.51       34.67
       1970 |         12        1.51       36.18
       1971 |         12        1.51       37.69
       1972 |         12        1.51       39.20
       1973 |         12        1.51       40.70
       1974 |         12        1.51       42.21
       1975 |         12        1.51       43.72
       1976 |         12        1.51       45.23
       1977 |         12        1.51       46.73
       1978 |         12        1.51       48.24
       1979 |         12        1.51       49.75
       1980 |         12        1.51       51.26
       1981 |         12        1.51       52.76
       1982 |         12        1.51       54.27
       1983 |         12        1.51       55.78
       1984 |         12        1.51       57.29
       1985 |         12        1.51       58.79
       1986 |         12        1.51       60.30
       1987 |         12        1.51       61.81
       1988 |         12        1.51       63.32
       1989 |         12        1.51       64.82
       1990 |         12        1.51       66.33
       1991 |         12        1.51       67.84
       1992 |         12        1.51       69.35
       1993 |         12        1.51       70.85
       1994 |         12        1.51       72.36
       1995 |         12        1.51       73.87
       1996 |         12        1.51       75.38
       1997 |         12        1.51       76.88
       1998 |         12        1.51       78.39
       1999 |         12        1.51       79.90
       2000 |         12        1.51       81.41
       2001 |         12        1.51       82.91
       2002 |         12        1.51       84.42
       2003 |         12        1.51       85.93
       2004 |         12        1.51       87.44
       2005 |         12        1.51       88.94
       2006 |         12        1.51       90.45
       2007 |         12        1.51       91.96
       2008 |         12        1.51       93.47
       2009 |         12        1.51       94.97
       2010 |         12        1.51       96.48
       2011 |         12        1.51       97.99
       2012 |         12        1.51       99.50
       2013 |          4        0.50      100.00
------------+-----------------------------------
      Total |        796      100.00

. 
.         save /home/UserID/trainings/stata/data/basic_labor_force.dta, replace
file /home/UserID/trainings/stata/data/basic_labor_force.dta saved

. 
.         /* Now, let's add a measure of inflation to our data set. Since this m
> eans adding variables to our existing
>                 observations, rather than adding observations to our existing 
> variables, we need to merge the data
>                 sets. Since both inflation and labor force status are both mea
> sured at monthly intervals, we can
>                 perform a simple 1:1 merge. This means that the same variable,
>  in this case date, uniquely identifies
>                 observations in both data sets. */
. 
.         /* We can quickly check to be sure that date uniquely identifies the d
> ata set in memory, although this isn't
>                 actually necessary because the merge command will check and is
> sue an error if date does not uniquely
>                 identify both data sets */
.         isid date

. 
.         /* Now the actual merge command */
.         merge 1:1 date using /home/UserID/trainings/stata/data/cpi.dta

    Result                           # of obs.
    -----------------------------------------
    not matched                             0
    matched                               796  (_merge==3)
    -----------------------------------------

. 
.         /* Let's look at how many of the observations were successfully merged
> . We do this by tabulating _merge,
>                 a variable created by the merge command. */
.         tab _merge

                 _merge |      Freq.     Percent        Cum.
------------------------+-----------------------------------
            matched (3) |        796      100.00      100.00
------------------------+-----------------------------------
                  Total |        796      100.00

. 
.         
. log close filename
log filename not found
r(111);

end of do-file

r(111);

. log close
no log file open
r(606);

. log close _all
      name:  training
       log:  /home/UserID/trainings/stata/logs/training_20130619154547.log
  log type:  text
 closed on:  19 Jun 2013, 15:46:06
--------------------------------------------------------------------------------
